============================= test session starts =============================
platform win32 -- Python 3.13.5, pytest-9.0.2, pluggy-1.6.0
rootdir: c:\_repos_\RPA
configfile: pytest.ini
plugins: anyio-4.12.0, cov-7.0.0
collected 19 items

tests\unit\test_parser.py ............FF.F..F                            [100%]

================================== FAILURES ===================================
_______________________ test_extract_items_com_valores ________________________
tests\unit\test_parser.py:201: in test_extract_items_com_valores
    assert len(items) == 2
E   AssertionError: assert 4 == 2
E    +  where 4 = len([Item(description='Consultoria em TI - 10 horas', quantity=None, unit=None, unit_value='1.500,00', cfop=None, raw='Con...(description='COMPET╩NCIA: 12/2024', quantity=None, unit=None, unit_value=None, cfop=None, raw='COMPET╩NCIA: 12/2024')])
___________________ test_extract_items_filtra_linhas_curtas ___________________
tests\unit\test_parser.py:228: in test_extract_items_filtra_linhas_curtas
    assert len(items) == 1
E   AssertionError: assert 2 == 1
E    +  where 2 = len([Item(description='Item vßlido com descriþÒo suficiente', quantity=None, unit=None, unit_value='100,00', cfop=None, ra...100,00'), Item(description='TOTAL:', quantity=None, unit=None, unit_value='100,00', cfop=None, raw='TOTAL: R$ 100,00')])
________________ test_extract_items_remove_values_description _________________
tests\unit\test_parser.py:255: in test_extract_items_remove_values_description
    assert len(item) == 1
E   AssertionError: assert 2 == 1
E    +  where 2 = len([Item(description='Produto A', quantity=None, unit=None, unit_value='500,00', cfop=None, raw='Produto A    R$ 100,00  ...500,00'), Item(description='TOTAL:', quantity=None, unit=None, unit_value='500,00', cfop=None, raw='TOTAL: R$ 500,00')])
_______________________ test_multiplos_blocos_prestador _______________________
tests\unit\test_parser.py:324: in test_multiplos_blocos_prestador
    assert issuer.name == "Empresa A"
E   AssertionError: assert 'EMPRESA A' == 'Empresa A'
E     
E     - Empresa A
E     + EMPRESA A
============================ slowest 10 durations =============================

(10 durations < 0.005s hidden.  Use -vv to show these durations.)
=========================== short test summary info ===========================
FAILED tests/unit/test_parser.py::test_extract_items_com_valores - AssertionE...
FAILED tests/unit/test_parser.py::test_extract_items_filtra_linhas_curtas - A...
FAILED tests/unit/test_parser.py::test_extract_items_remove_values_description
FAILED tests/unit/test_parser.py::test_multiplos_blocos_prestador - Assertion...
======================== 4 failed, 15 passed in 0.22s =========================
